---
source: crates/rowan/tests/smoke.rs
assertion_line: 65
expression: "format!(\"{:#?}\", parse.into_syntax())"
---
RHAI@0..422
  COMMENT_LINE@0..29 "// This script runs f ..."
  WHITESPACE@29..31 "\n\n"
  STMT@31..53
    ITEM@31..52
      EXPR@31..52
        EXPR_CONST@31..52
          KW_CONST@31..36 "const"
          WHITESPACE@36..37 " "
          IDENT@37..40 "MAX"
          WHITESPACE@40..41 " "
          OP_ASSIGN@41..42 "="
          EXPR@42..52
            WHITESPACE@42..43 " "
            EXPR_LIT@43..52
              LIT@43..52
                LIT_INT@43..52 "1_000_000"
    PUNCT_SEMI@52..53 ";"
  WHITESPACE@53..55 "\n\n"
  STMT@55..104
    ITEM@55..103
      EXPR@55..103
        EXPR_CALL@55..103
          EXPR@55..60
            EXPR_IDENT@55..60
              IDENT@55..60 "print"
          ARG_LIST@60..103
            PUNCT_PAREN_START@60..61 "("
            EXPR@61..102
              EXPR_LIT@61..102
                LIT@61..102
                  LIT_STR_TEMPLATE@61..102
                    LIT_STR@61..86 "`Iterating an array w ..."
                    INTERPOLATION_START@86..88 "${"
                    LIT_STR_TEMPLATE_INTERPOLATION@88..91
                      STMT@88..91
                        ITEM@88..91
                          EXPR@88..91
                            EXPR_IDENT@88..91
                              IDENT@88..91 "MAX"
                    PUNCT_BRACE_END@91..92 "}"
                    LIT_STR@92..102 " items...`"
            PUNCT_PAREN_END@102..103 ")"
    PUNCT_SEMI@103..104 ";"
  WHITESPACE@104..106 "\n\n"
  STMT@106..128
    ITEM@106..127
      EXPR@106..127
        EXPR_CALL@106..127
          EXPR@106..111
            EXPR_IDENT@106..111
              IDENT@106..111 "print"
          ARG_LIST@111..127
            PUNCT_PAREN_START@111..112 "("
            EXPR@112..126
              EXPR_LIT@112..126
                LIT@112..126
                  LIT_STR@112..126 "\"Ready... Go!\""
            PUNCT_PAREN_END@126..127 ")"
    PUNCT_SEMI@127..128 ";"
  WHITESPACE@128..130 "\n\n"
  STMT@130..152
    ITEM@130..151
      EXPR@130..151
        EXPR_LET@130..151
          KW_LET@130..133 "let"
          WHITESPACE@133..134 " "
          IDENT@134..137 "now"
          WHITESPACE@137..138 " "
          OP_ASSIGN@138..139 "="
          EXPR@139..151
            EXPR_CALL@139..151
              EXPR@139..149
                WHITESPACE@139..140 " "
                EXPR_IDENT@140..149
                  IDENT@140..149 "timestamp"
              ARG_LIST@149..151
                PUNCT_PAREN_START@149..150 "("
                PUNCT_PAREN_END@150..151 ")"
    PUNCT_SEMI@151..152 ";"
  WHITESPACE@152..154 "\n\n"
  STMT@154..168
    ITEM@154..167
      EXPR@154..167
        EXPR_LET@154..167
          KW_LET@154..157 "let"
          WHITESPACE@157..158 " "
          IDENT@158..162 "list"
          WHITESPACE@162..163 " "
          OP_ASSIGN@163..164 "="
          EXPR@164..167
            WHITESPACE@164..165 " "
            EXPR_ARRAY@165..167
              PUNCT_BRACKET_START@165..166 "["
              PUNCT_BRACKET_END@166..167 "]"
    PUNCT_SEMI@167..168 ";"
  WHITESPACE@168..170 "\n\n"
  COMMENT_LINE@170..188 "// Loop over range"
  WHITESPACE@188..189 "\n"
  STMT@189..228
    ITEM@189..226
      EXPR@189..226
        EXPR_FOR@189..226
          KW_FOR@189..192 "for"
          PAT@192..194
            WHITESPACE@192..193 " "
            PAT_IDENT@193..194
              IDENT@193..194 "i"
          WHITESPACE@194..195 " "
          KW_IN@195..197 "in"
          EXPR@197..205
            EXPR_BINARY@197..205
              EXPR@197..199
                WHITESPACE@197..198 " "
                EXPR_LIT@198..199
                  LIT@198..199
                    LIT_INT@198..199 "0"
              OP_RANGE@199..201 ".."
              EXPR@201..205
                EXPR_IDENT@201..205
                  IDENT@201..204 "MAX"
                  WHITESPACE@204..205 " "
          EXPR_BLOCK@205..226
            PUNCT_BRACE_START@205..206 "{"
            WHITESPACE@206..211 "\n    "
            STMT@211..224
              ITEM@211..223
                EXPR@211..223
                  EXPR_BINARY@211..223
                    EXPR@211..215
                      EXPR_IDENT@211..215
                        IDENT@211..215 "list"
                    PUNCT_DOT@215..216 "."
                    EXPR@216..223
                      EXPR_CALL@216..223
                        EXPR@216..220
                          EXPR_IDENT@216..220
                            IDENT@216..220 "push"
                        ARG_LIST@220..223
                          PUNCT_PAREN_START@220..221 "("
                          EXPR@221..222
                            EXPR_IDENT@221..222
                              IDENT@221..222 "i"
                          PUNCT_PAREN_END@222..223 ")"
              PUNCT_SEMI@223..224 ";"
            WHITESPACE@224..225 "\n"
            PUNCT_BRACE_END@225..226 "}"
    WHITESPACE@226..228 "\n\n"
  STMT@228..270
    ITEM@228..269
      EXPR@228..269
        EXPR_CALL@228..269
          EXPR@228..233
            EXPR_IDENT@228..233
              IDENT@228..233 "print"
          ARG_LIST@233..269
            PUNCT_PAREN_START@233..234 "("
            EXPR@234..268
              EXPR_LIT@234..268
                LIT@234..268
                  LIT_STR_TEMPLATE@234..268
                    LIT_STR@234..242 "`Time = "
                    INTERPOLATION_START@242..244 "${"
                    LIT_STR_TEMPLATE_INTERPOLATION@244..255
                      STMT@244..255
                        ITEM@244..255
                          EXPR@244..255
                            EXPR_BINARY@244..255
                              EXPR@244..247
                                EXPR_IDENT@244..247
                                  IDENT@244..247 "now"
                              PUNCT_DOT@247..248 "."
                              EXPR@248..255
                                EXPR_IDENT@248..255
                                  IDENT@248..255 "elapsed"
                    PUNCT_BRACE_END@255..256 "}"
                    LIT_STR@256..268 " seconds...`"
            PUNCT_PAREN_END@268..269 ")"
    PUNCT_SEMI@269..270 ";"
  WHITESPACE@270..272 "\n\n"
  STMT@272..284
    ITEM@272..283
      EXPR@272..283
        EXPR_LET@272..283
          KW_LET@272..275 "let"
          WHITESPACE@275..276 " "
          IDENT@276..279 "sum"
          WHITESPACE@279..280 " "
          OP_ASSIGN@280..281 "="
          EXPR@281..283
            WHITESPACE@281..282 " "
            EXPR_LIT@282..283
              LIT@282..283
                LIT_INT@282..283 "0"
    PUNCT_SEMI@283..284 ";"
  WHITESPACE@284..286 "\n\n"
  COMMENT_LINE@286..304 "// Loop over array"
  WHITESPACE@304..305 "\n"
  STMT@305..338
    ITEM@305..336
      EXPR@305..336
        EXPR_FOR@305..336
          KW_FOR@305..308 "for"
          PAT@308..310
            WHITESPACE@308..309 " "
            PAT_IDENT@309..310
              IDENT@309..310 "i"
          WHITESPACE@310..311 " "
          KW_IN@311..313 "in"
          EXPR@313..319
            WHITESPACE@313..314 " "
            EXPR_IDENT@314..319
              IDENT@314..318 "list"
              WHITESPACE@318..319 " "
          EXPR_BLOCK@319..336
            PUNCT_BRACE_START@319..320 "{"
            WHITESPACE@320..325 "\n    "
            STMT@325..334
              ITEM@325..333
                EXPR@325..333
                  EXPR_BINARY@325..333
                    EXPR@325..329
                      EXPR_IDENT@325..329
                        IDENT@325..328 "sum"
                        WHITESPACE@328..329 " "
                    OP_ADD_ASSIGN@329..331 "+="
                    EXPR@331..333
                      WHITESPACE@331..332 " "
                      EXPR_IDENT@332..333
                        IDENT@332..333 "i"
              PUNCT_SEMI@333..334 ";"
            WHITESPACE@334..335 "\n"
            PUNCT_BRACE_END@335..336 "}"
    WHITESPACE@336..338 "\n\n"
  STMT@338..360
    ITEM@338..359
      EXPR@338..359
        EXPR_CALL@338..359
          EXPR@338..343
            EXPR_IDENT@338..343
              IDENT@338..343 "print"
          ARG_LIST@343..359
            PUNCT_PAREN_START@343..344 "("
            EXPR@344..358
              EXPR_LIT@344..358
                LIT@344..358
                  LIT_STR_TEMPLATE@344..358
                    LIT_STR@344..351 "`Sum = "
                    INTERPOLATION_START@351..353 "${"
                    LIT_STR_TEMPLATE_INTERPOLATION@353..356
                      STMT@353..356
                        ITEM@353..356
                          EXPR@353..356
                            EXPR_IDENT@353..356
                              IDENT@353..356 "sum"
                    PUNCT_BRACE_END@356..357 "}"
                    LIT_STR@357..358 "`"
            PUNCT_PAREN_END@358..359 ")"
    PUNCT_SEMI@359..360 ";"
  WHITESPACE@360..361 "\n"
  STMT@361..421
    ITEM@361..420
      EXPR@361..420
        EXPR_CALL@361..420
          EXPR@361..366
            EXPR_IDENT@361..366
              IDENT@361..366 "print"
          ARG_LIST@366..420
            PUNCT_PAREN_START@366..367 "("
            EXPR@367..419
              EXPR_LIT@367..419
                LIT@367..419
                  LIT_STR_TEMPLATE@367..419
                    LIT_STR@367..395 "`Finished. Total run  ..."
                    INTERPOLATION_START@395..397 "${"
                    LIT_STR_TEMPLATE_INTERPOLATION@397..408
                      STMT@397..408
                        ITEM@397..408
                          EXPR@397..408
                            EXPR_BINARY@397..408
                              EXPR@397..400
                                EXPR_IDENT@397..400
                                  IDENT@397..400 "now"
                              PUNCT_DOT@400..401 "."
                              EXPR@401..408
                                EXPR_IDENT@401..408
                                  IDENT@401..408 "elapsed"
                    PUNCT_BRACE_END@408..409 "}"
                    LIT_STR@409..419 " seconds.`"
            PUNCT_PAREN_END@419..420 ")"
    PUNCT_SEMI@420..421 ";"
  WHITESPACE@421..422 "\n"

