---
source: crates/rowan/tests/smoke.rs
expression: "format!(\"{:#?}\", parse.into_syntax())"

---
RHAI_DEF@0..291
  DEF_MODULE_DECL@0..288
    COMMENT_LINE@0..87 "// This module extend ..."
    WHITESPACE@87..88 "\n"
    COMMENT_LINE@88..159 "// Any module can be  ..."
    WHITESPACE@159..160 "\n"
    COMMENT_LINE@160..162 "//"
    WHITESPACE@162..163 "\n"
    COMMENT_LINE@163..221 "// All definitions ar ..."
    WHITESPACE@221..222 "\n"
    COMMENT_LINE@222..224 "//"
    WHITESPACE@224..225 "\n"
    COMMENT_LINE@225..264 "// Cannot contain ope ..."
    WHITESPACE@264..265 "\n"
    DEF_MODULE@265..288
      KW_STATIC@265..271 "static"
      WHITESPACE@271..272 " "
      KW_MODULE@272..278 "module"
      WHITESPACE@278..279 " "
      IDENT@279..288 "my_module"
  DEF_STMT@288..288
  PUNCT_SEMI@288..289 ";"
  WHITESPACE@289..291 "\n\n"

