---
source: crates/rowan/tests/upstream.rs
expression: "format!(\"{:#?}\", parse.into_syntax())"

---
FILE@0..486
  COMMENT_LINE@0..29 "// This script runs f ..."
  WHITESPACE@29..31 "\n\n"
  STMT@31..76
    ITEM@31..75
      EXPR@31..75
        EXPR_LET@31..75
          KW_LET@31..34 "let"
          WHITESPACE@34..35 " "
          IDENT@35..38 "arr"
          WHITESPACE@38..39 " "
          OP_ASSIGN@39..40 "="
          EXPR@40..75
            WHITESPACE@40..41 " "
            EXPR_ARRAY@41..75
              PUNCT_BRACKET_START@41..42 "["
              EXPR@42..43
                EXPR_LIT@42..43
                  LIT@42..43
                    LIT_INT@42..43 "1"
              PUNCT_COMMA@43..44 ","
              WHITESPACE@44..45 " "
              EXPR@45..49
                EXPR_LIT@45..49
                  LIT@45..49
                    LIT_BOOL@45..49 "true"
              PUNCT_COMMA@49..50 ","
              WHITESPACE@50..51 " "
              EXPR@51..58
                EXPR_LIT@51..58
                  LIT@51..58
                    LIT_FLOAT@51..58 "123.456"
              PUNCT_COMMA@58..59 ","
              WHITESPACE@59..60 " "
              EXPR@60..67
                EXPR_LIT@60..67
                  LIT@60..67
                    LIT_STR@60..67 "\"hello\""
              PUNCT_COMMA@67..68 ","
              WHITESPACE@68..69 " "
              EXPR@69..70
                EXPR_LIT@69..70
                  LIT@69..70
                    LIT_INT@69..70 "3"
              PUNCT_COMMA@70..71 ","
              WHITESPACE@71..72 " "
              EXPR@72..74
                EXPR_LIT@72..74
                  LIT@72..74
                    LIT_INT@72..74 "42"
              PUNCT_BRACKET_END@74..75 "]"
    PUNCT_SEMI@75..76 ";"
  WHITESPACE@76..78 "\n\n"
  STMT@78..417
    ITEM@78..259
      EXPR@78..259
        EXPR_FOR@78..259
          KW_FOR@78..81 "for"
          PAT@81..88
            WHITESPACE@81..82 " "
            PAT_TUPLE@82..88
              PUNCT_PAREN_START@82..83 "("
              PARAM@83..84
                IDENT@83..84 "a"
              PUNCT_COMMA@84..85 ","
              WHITESPACE@85..86 " "
              PARAM@86..87
                IDENT@86..87 "i"
              PUNCT_PAREN_END@87..88 ")"
          WHITESPACE@88..89 " "
          KW_IN@89..91 "in"
          EXPR@91..96
            WHITESPACE@91..92 " "
            EXPR_IDENT@92..96
              IDENT@92..95 "arr"
              WHITESPACE@95..96 " "
          EXPR_BLOCK@96..259
            PUNCT_BRACE_START@96..97 "{"
            WHITESPACE@97..102 "\n    "
            STMT@102..237
              ITEM@102..231
                EXPR@102..231
                  EXPR_FOR@102..231
                    KW_FOR@102..105 "for"
                    PAT@105..112
                      WHITESPACE@105..106 " "
                      PAT_TUPLE@106..112
                        PUNCT_PAREN_START@106..107 "("
                        PARAM@107..108
                          IDENT@107..108 "b"
                        PUNCT_COMMA@108..109 ","
                        WHITESPACE@109..110 " "
                        PARAM@110..111
                          IDENT@110..111 "j"
                        PUNCT_PAREN_END@111..112 ")"
                    WHITESPACE@112..113 " "
                    KW_IN@113..115 "in"
                    EXPR@115..144
                      WHITESPACE@115..116 " "
                      EXPR_ARRAY@116..143
                        PUNCT_BRACKET_START@116..117 "["
                        EXPR@117..120
                          EXPR_LIT@117..120
                            LIT@117..120
                              LIT_CHAR@117..120 "'x'"
                        PUNCT_COMMA@120..121 ","
                        WHITESPACE@121..122 " "
                        EXPR@122..124
                          EXPR_LIT@122..124
                            LIT@122..124
                              LIT_INT@122..124 "42"
                        PUNCT_COMMA@124..125 ","
                        WHITESPACE@125..126 " "
                        EXPR@126..128
                          EXPR_PAREN@126..128
                            PUNCT_PAREN_START@126..127 "("
                            PUNCT_PAREN_END@127..128 ")"
                        PUNCT_COMMA@128..129 ","
                        WHITESPACE@129..130 " "
                        EXPR@130..133
                          EXPR_LIT@130..133
                            LIT@130..133
                              LIT_INT@130..133 "123"
                        PUNCT_COMMA@133..134 ","
                        WHITESPACE@134..135 " "
                        EXPR@135..137
                          EXPR_LIT@135..137
                            LIT@135..137
                              LIT_INT@135..137 "99"
                        PUNCT_COMMA@137..138 ","
                        WHITESPACE@138..139 " "
                        EXPR@139..142
                          EXPR_LIT@139..142
                            LIT@139..142
                              LIT_FLOAT@139..142 "0.5"
                        PUNCT_BRACKET_END@142..143 "]"
                      WHITESPACE@143..144 " "
                    EXPR_BLOCK@144..231
                      PUNCT_BRACE_START@144..145 "{"
                      WHITESPACE@145..154 "\n        "
                      STMT@154..188
                        ITEM@154..188
                          EXPR@154..188
                            EXPR_IF@154..188
                              KW_IF@154..156 "if"
                              EXPR@156..165
                                EXPR_BINARY@156..165
                                  WHITESPACE@156..157 " "
                                  EXPR_IDENT@157..159
                                    IDENT@157..158 "b"
                                    WHITESPACE@158..159 " "
                                  OP_GT@159..160 ">"
                                  EXPR@160..165
                                    WHITESPACE@160..161 " "
                                    EXPR_LIT@161..164
                                      LIT@161..164
                                        LIT_INT@161..164 "100"
                                    WHITESPACE@164..165 " "
                              EXPR_BLOCK@165..178
                                PUNCT_BRACE_START@165..166 "{"
                                WHITESPACE@166..167 " "
                                STMT@167..176
                                  ITEM@167..175
                                    EXPR@167..175
                                      EXPR_CONTINUE@167..175
                                        KW_CONTINUE@167..175 "continue"
                                  PUNCT_SEMI@175..176 ";"
                                WHITESPACE@176..177 " "
                                PUNCT_BRACE_END@177..178 "}"
                              WHITESPACE@178..188 "\n\n        "
                      STMT@188..225
                        ITEM@188..224
                          EXPR@188..224
                            EXPR_CALL@188..224
                              EXPR@188..193
                                EXPR_IDENT@188..193
                                  IDENT@188..193 "print"
                              ARG_LIST@193..224
                                PUNCT_PAREN_START@193..194 "("
                                EXPR@194..223
                                  EXPR_LIT@194..223
                                    LIT@194..223
                                      LIT_STR@194..223 "`(${i}, ${j}) = (${a} ..."
                                PUNCT_PAREN_END@223..224 ")"
                        PUNCT_SEMI@224..225 ";"
                      WHITESPACE@225..230 "\n    "
                      PUNCT_BRACE_END@230..231 "}"
              WHITESPACE@231..237 "\n\n    "
            STMT@237..258
              ITEM@237..258
                EXPR@237..258
                  EXPR_IF@237..258
                    KW_IF@237..239 "if"
                    EXPR@239..247
                      EXPR_BINARY@239..247
                        WHITESPACE@239..240 " "
                        EXPR_IDENT@240..242
                          IDENT@240..241 "a"
                          WHITESPACE@241..242 " "
                        OP_EQ@242..244 "=="
                        EXPR@244..247
                          WHITESPACE@244..245 " "
                          EXPR_LIT@245..246
                            LIT@245..246
                              LIT_INT@245..246 "3"
                          WHITESPACE@246..247 " "
                    EXPR_BLOCK@247..257
                      PUNCT_BRACE_START@247..248 "{"
                      WHITESPACE@248..249 " "
                      STMT@249..255
                        ITEM@249..254
                          EXPR@249..254
                            EXPR_BREAK@249..254
                              KW_BREAK@249..254 "break"
                        PUNCT_SEMI@254..255 ";"
                      WHITESPACE@255..256 " "
                      PUNCT_BRACE_END@256..257 "}"
                    WHITESPACE@257..258 "\n"
            PUNCT_BRACE_END@258..259 "}"
    WHITESPACE@259..260 "\n"
    COMMENT_LINE@260..349 "//print(a);           ..."
    WHITESPACE@349..378 "\n                     ..."
    COMMENT_LINE@378..415 "//    because 'a' is  ..."
    WHITESPACE@415..417 "\n\n"
  STMT@417..486
    ITEM@417..485
      EXPR@417..485
        EXPR_FOR@417..485
          KW_FOR@417..420 "for"
          PAT@420..422
            WHITESPACE@420..421 " "
            PAT_IDENT@421..422
              IDENT@421..422 "i"
          WHITESPACE@422..423 " "
          KW_IN@423..425 "in"
          EXPR@425..442
            EXPR_CALL@425..441
              EXPR@425..431
                WHITESPACE@425..426 " "
                EXPR_IDENT@426..431
                  IDENT@426..431 "range"
              ARG_LIST@431..441
                PUNCT_PAREN_START@431..432 "("
                EXPR@432..433
                  EXPR_LIT@432..433
                    LIT@432..433
                      LIT_INT@432..433 "5"
                PUNCT_COMMA@433..434 ","
                WHITESPACE@434..435 " "
                EXPR@435..436
                  EXPR_LIT@435..436
                    LIT@435..436
                      LIT_INT@435..436 "0"
                PUNCT_COMMA@436..437 ","
                WHITESPACE@437..438 " "
                EXPR@438..440
                  EXPR_UNARY@438..440
                    OP_SUB@438..439 "-"
                    EXPR@439..440
                      EXPR_LIT@439..440
                        LIT@439..440
                          LIT_INT@439..440 "1"
                PUNCT_PAREN_END@440..441 ")"
            WHITESPACE@441..442 " "
          EXPR_BLOCK@442..485
            PUNCT_BRACE_START@442..443 "{"
            WHITESPACE@443..445 "  "
            COMMENT_LINE@445..469 "// runs from 5 down to 1"
            WHITESPACE@469..474 "\n    "
            STMT@474..483
              ITEM@474..482
                EXPR@474..482
                  EXPR_CALL@474..482
                    EXPR@474..479
                      EXPR_IDENT@474..479
                        IDENT@474..479 "print"
                    ARG_LIST@479..482
                      PUNCT_PAREN_START@479..480 "("
                      EXPR@480..481
                        EXPR_IDENT@480..481
                          IDENT@480..481 "i"
                      PUNCT_PAREN_END@481..482 ")"
              PUNCT_SEMI@482..483 ";"
            WHITESPACE@483..484 "\n"
            PUNCT_BRACE_END@484..485 "}"
    WHITESPACE@485..486 "\n"

