---
source: crates/rowan/tests/upstream.rs
expression: "format!(\"{:#?}\", parse.into_syntax())"

---
RHAI@0..313
  COMMENT_LINE@0..55 "// This script define ..."
  WHITESPACE@55..57 "\n\n"
  COMMENT_LINE@57..110 "// Use 'this' to refe ..."
  WHITESPACE@110..111 "\n"
  STMT@111..194
    ITEM@111..192
      EXPR@111..192
        EXPR_FN@111..192
          KW_FN@111..113 "fn"
          WHITESPACE@113..114 " "
          IDENT@114..120 "action"
          PARAM_LIST@120..126
            PUNCT_PAREN_START@120..121 "("
            PARAM@121..122
              IDENT@121..122 "x"
            PUNCT_COMMA@122..123 ","
            WHITESPACE@123..124 " "
            PARAM@124..125
              IDENT@124..125 "y"
            PUNCT_PAREN_END@125..126 ")"
          EXPR_BLOCK@126..192
            WHITESPACE@126..127 " "
            PUNCT_BRACE_START@127..128 "{"
            WHITESPACE@128..133 "\n    "
            STMT@133..159
              ITEM@133..158
                EXPR@133..158
                  EXPR_BINARY@133..158
                    EXPR@133..138
                      EXPR_IDENT@133..138
                        IDENT@133..137 "this"
                        WHITESPACE@137..138 " "
                    OP_ASSIGN@138..139 "="
                    EXPR@139..158
                      EXPR_BINARY@139..158
                        EXPR@139..151
                          EXPR_CALL@139..150
                            EXPR@139..148
                              EXPR_BINARY@139..148
                                EXPR@139..144
                                  WHITESPACE@139..140 " "
                                  EXPR_IDENT@140..144
                                    IDENT@140..144 "this"
                                PUNCT_DOT@144..145 "."
                                EXPR@145..148
                                  EXPR_IDENT@145..148
                                    IDENT@145..148 "abs"
                            ARG_LIST@148..150
                              PUNCT_PAREN_START@148..149 "("
                              PUNCT_PAREN_END@149..150 ")"
                          WHITESPACE@150..151 " "
                        OP_ADD@151..152 "+"
                        EXPR@152..158
                          EXPR_BINARY@152..158
                            EXPR@152..155
                              WHITESPACE@152..153 " "
                              EXPR_IDENT@153..155
                                IDENT@153..154 "x"
                                WHITESPACE@154..155 " "
                            OP_MUL@155..156 "*"
                            EXPR@156..158
                              WHITESPACE@156..157 " "
                              EXPR_IDENT@157..158
                                IDENT@157..158 "y"
              PUNCT_SEMI@158..159 ";"
            WHITESPACE@159..165 "      "
            COMMENT_LINE@165..190 "// 'this' can be modi ..."
            WHITESPACE@190..191 "\n"
            PUNCT_BRACE_END@191..192 "}"
    WHITESPACE@192..194 "\n\n"
  STMT@194..208
    ITEM@194..207
      EXPR@194..207
        EXPR_LET@194..207
          KW_LET@194..197 "let"
          WHITESPACE@197..198 " "
          IDENT@198..201 "obj"
          WHITESPACE@201..202 " "
          OP_ASSIGN@202..203 "="
          EXPR@203..207
            EXPR_UNARY@203..207
              WHITESPACE@203..204 " "
              OP_SUB@204..205 "-"
              EXPR@205..207
                EXPR_LIT@205..207
                  LIT@205..207
                    LIT_INT@205..207 "40"
    PUNCT_SEMI@207..208 ";"
  WHITESPACE@208..210 "\n\n"
  STMT@210..227
    ITEM@210..226
      EXPR@210..226
        EXPR_CALL@210..226
          EXPR@210..220
            EXPR_BINARY@210..220
              EXPR@210..213
                EXPR_IDENT@210..213
                  IDENT@210..213 "obj"
              PUNCT_DOT@213..214 "."
              EXPR@214..220
                EXPR_IDENT@214..220
                  IDENT@214..220 "action"
          ARG_LIST@220..226
            PUNCT_PAREN_START@220..221 "("
            EXPR@221..222
              EXPR_LIT@221..222
                LIT@221..222
                  LIT_INT@221..222 "1"
            PUNCT_COMMA@222..223 ","
            WHITESPACE@223..224 " "
            EXPR@224..225
              EXPR_LIT@224..225
                LIT@224..225
                  LIT_INT@224..225 "2"
            PUNCT_PAREN_END@225..226 ")"
    PUNCT_SEMI@226..227 ";"
  WHITESPACE@227..246 "                   "
  COMMENT_LINE@246..272 "// call 'action' as m ..."
  WHITESPACE@272..274 "\n\n"
  STMT@274..312
    ITEM@274..311
      EXPR@274..311
        EXPR_CALL@274..311
          EXPR@274..279
            EXPR_IDENT@274..279
              IDENT@274..279 "print"
          ARG_LIST@279..311
            PUNCT_PAREN_START@279..280 "("
            EXPR@280..310
              EXPR_LIT@280..310
                LIT@280..310
                  LIT_STR@280..310 "`obj should now be 42 ..."
            PUNCT_PAREN_END@310..311 ")"
    PUNCT_SEMI@311..312 ";"
  WHITESPACE@312..313 "\n"

