---
source: crates/rowan/tests/upstream.rs
expression: "format!(\"{:#?}\", parse.into_syntax())"

---
RHAI@0..233
  COMMENT_LINE@0..67 "// This script define ..."
  WHITESPACE@67..69 "\n\n"
  STMT@69..84
    ITEM@69..83
      EXPR@69..83
        EXPR_CONST@69..83
          KW_CONST@69..74 "const"
          WHITESPACE@74..75 " "
          IDENT@75..78 "KEY"
          WHITESPACE@78..79 " "
          OP_ASSIGN@79..80 "="
          EXPR@80..83
            WHITESPACE@80..81 " "
            EXPR_LIT@81..83
              LIT@81..83
                LIT_INT@81..83 "38"
    PUNCT_SEMI@83..84 ";"
  WHITESPACE@84..86 "\n\n"
  STMT@86..154
    ITEM@86..152
      EXPR@86..152
        EXPR_FN@86..152
          KW_FN@86..88 "fn"
          WHITESPACE@88..89 " "
          IDENT@89..90 "f"
          PARAM_LIST@90..108
            PUNCT_PAREN_START@90..91 "("
            PARAM@91..92
              IDENT@91..92 "a"
            PUNCT_COMMA@92..93 ","
            WHITESPACE@93..94 " "
            PARAM@94..95
              IDENT@94..95 "b"
            PUNCT_COMMA@95..96 ","
            WHITESPACE@96..97 " "
            PARAM@97..98
              IDENT@97..98 "c"
            PUNCT_COMMA@98..99 ","
            WHITESPACE@99..100 " "
            PARAM@100..101
              IDENT@100..101 "d"
            PUNCT_COMMA@101..102 ","
            WHITESPACE@102..103 " "
            PARAM@103..104
              IDENT@103..104 "e"
            PUNCT_COMMA@104..105 ","
            WHITESPACE@105..106 " "
            PARAM@106..107
              IDENT@106..107 "f"
            PUNCT_PAREN_END@107..108 ")"
          EXPR_BLOCK@108..152
            WHITESPACE@108..109 " "
            PUNCT_BRACE_START@109..110 "{"
            WHITESPACE@110..115 "\n    "
            STMT@115..151
              ITEM@115..151
                EXPR@115..151
                  EXPR_BINARY@115..151
                    EXPR@115..137
                      EXPR_BINARY@115..137
                        EXPR@115..133
                          EXPR_BINARY@115..133
                            EXPR@115..125
                              EXPR_BINARY@115..125
                                EXPR@115..117
                                  EXPR_IDENT@115..117
                                    IDENT@115..116 "a"
                                    WHITESPACE@116..117 " "
                                OP_SUB@117..118 "-"
                                EXPR@118..125
                                  EXPR_BINARY@118..125
                                    EXPR@118..121
                                      WHITESPACE@118..119 " "
                                      EXPR_IDENT@119..121
                                        IDENT@119..120 "b"
                                        WHITESPACE@120..121 " "
                                    OP_MUL@121..122 "*"
                                    EXPR@122..125
                                      WHITESPACE@122..123 " "
                                      EXPR_IDENT@123..125
                                        IDENT@123..124 "c"
                                        WHITESPACE@124..125 " "
                            OP_SUB@125..126 "-"
                            EXPR@126..133
                              EXPR_BINARY@126..133
                                EXPR@126..129
                                  WHITESPACE@126..127 " "
                                  EXPR_IDENT@127..129
                                    IDENT@127..128 "d"
                                    WHITESPACE@128..129 " "
                                OP_MUL@129..130 "*"
                                EXPR@130..133
                                  WHITESPACE@130..131 " "
                                  EXPR_IDENT@131..133
                                    IDENT@131..132 "e"
                                    WHITESPACE@132..133 " "
                        OP_SUB@133..134 "-"
                        EXPR@134..137
                          WHITESPACE@134..135 " "
                          EXPR_IDENT@135..137
                            IDENT@135..136 "f"
                            WHITESPACE@136..137 " "
                    OP_ADD@137..138 "+"
                    EXPR@138..151
                      WHITESPACE@138..139 " "
                      EXPR_PATH@139..151
                        PATH@139..151
                          IDENT@139..145 "global"
                          PUNCT_COLON2@145..147 "::"
                          IDENT@147..150 "KEY"
                          WHITESPACE@150..151 "\n"
            PUNCT_BRACE_END@151..152 "}"
    WHITESPACE@152..154 "\n\n"
  STMT@154..190
    ITEM@154..189
      EXPR@154..189
        EXPR_LET@154..189
          KW_LET@154..157 "let"
          WHITESPACE@157..158 " "
          IDENT@158..164 "result"
          WHITESPACE@164..165 " "
          OP_ASSIGN@165..166 "="
          EXPR@166..189
            EXPR_CALL@166..189
              EXPR@166..168
                WHITESPACE@166..167 " "
                EXPR_IDENT@167..168
                  IDENT@167..168 "f"
              ARG_LIST@168..189
                PUNCT_PAREN_START@168..169 "("
                EXPR@169..172
                  EXPR_LIT@169..172
                    LIT@169..172
                      LIT_INT@169..172 "100"
                PUNCT_COMMA@172..173 ","
                WHITESPACE@173..174 " "
                EXPR@174..175
                  EXPR_LIT@174..175
                    LIT@174..175
                      LIT_INT@174..175 "5"
                PUNCT_COMMA@175..176 ","
                WHITESPACE@176..177 " "
                EXPR@177..178
                  EXPR_LIT@177..178
                    LIT@177..178
                      LIT_INT@177..178 "2"
                PUNCT_COMMA@178..179 ","
                WHITESPACE@179..180 " "
                EXPR@180..181
                  EXPR_LIT@180..181
                    LIT@180..181
                      LIT_INT@180..181 "9"
                PUNCT_COMMA@181..182 ","
                WHITESPACE@182..183 " "
                EXPR@183..184
                  EXPR_LIT@183..184
                    LIT@183..184
                      LIT_INT@183..184 "6"
                PUNCT_COMMA@184..185 ","
                WHITESPACE@185..186 " "
                EXPR@186..188
                  EXPR_LIT@186..188
                    LIT@186..188
                      LIT_INT@186..188 "32"
                PUNCT_PAREN_END@188..189 ")"
    PUNCT_SEMI@189..190 ";"
  WHITESPACE@190..192 "\n\n"
  STMT@192..232
    ITEM@192..231
      EXPR@192..231
        EXPR_CALL@192..231
          EXPR@192..197
            EXPR_IDENT@192..197
              IDENT@192..197 "print"
          ARG_LIST@197..231
            PUNCT_PAREN_START@197..198 "("
            EXPR@198..230
              EXPR_LIT@198..230
                LIT@198..230
                  LIT_STR@198..230 "`result should be 42: ..."
            PUNCT_PAREN_END@230..231 ")"
    PUNCT_SEMI@231..232 ";"
  WHITESPACE@232..233 "\n"

