---
source: crates/rowan/tests/upstream.rs
expression: "format!(\"{:#?}\", parse.into_syntax())"

---
RHAI@0..89
  COMMENT_LINE@0..32 "// This script runs a ..."
  WHITESPACE@32..34 "\n\n"
  STMT@34..45
    ITEM@34..44
      EXPR@34..44
        EXPR_LET@34..44
          KW_LET@34..37 "let"
          WHITESPACE@37..38 " "
          IDENT@38..39 "x"
          WHITESPACE@39..40 " "
          OP_ASSIGN@40..41 "="
          EXPR@41..44
            WHITESPACE@41..42 " "
            EXPR_LIT@42..44
              LIT@42..44
                LIT_INT@42..44 "10"
    PUNCT_SEMI@44..45 ";"
  WHITESPACE@45..47 "\n\n"
  STMT@47..89
    ITEM@47..88
      EXPR@47..88
        EXPR_WHILE@47..88
          KW_WHILE@47..52 "while"
          EXPR@52..59
            EXPR_BINARY@52..59
              EXPR@52..55
                WHITESPACE@52..53 " "
                EXPR_IDENT@53..55
                  IDENT@53..54 "x"
                  WHITESPACE@54..55 " "
              OP_GT@55..56 ">"
              EXPR@56..59
                WHITESPACE@56..57 " "
                EXPR_LIT@57..58
                  LIT@57..58
                    LIT_INT@57..58 "0"
                WHITESPACE@58..59 " "
          EXPR_BLOCK@59..88
            PUNCT_BRACE_START@59..60 "{"
            WHITESPACE@60..65 "\n    "
            STMT@65..74
              ITEM@65..73
                EXPR@65..73
                  EXPR_CALL@65..73
                    EXPR@65..70
                      EXPR_IDENT@65..70
                        IDENT@65..70 "print"
                    ARG_LIST@70..73
                      PUNCT_PAREN_START@70..71 "("
                      EXPR@71..72
                        EXPR_IDENT@71..72
                          IDENT@71..72 "x"
                      PUNCT_PAREN_END@72..73 ")"
              PUNCT_SEMI@73..74 ";"
            WHITESPACE@74..79 "\n    "
            STMT@79..86
              ITEM@79..85
                EXPR@79..85
                  EXPR_BINARY@79..85
                    EXPR@79..81
                      EXPR_IDENT@79..81
                        IDENT@79..80 "x"
                        WHITESPACE@80..81 " "
                    OP_SUB_ASSIGN@81..83 "-="
                    EXPR@83..85
                      WHITESPACE@83..84 " "
                      EXPR_LIT@84..85
                        LIT@84..85
                          LIT_INT@84..85 "1"
              PUNCT_SEMI@85..86 ";"
            WHITESPACE@86..87 "\n"
            PUNCT_BRACE_END@87..88 "}"
    WHITESPACE@88..89 "\n"

