---
source: crates/rowan/tests/upstream.rs
expression: "format!(\"{:#?}\", parse.into_syntax())"

---
FILE@0..50
  STMT@0..25
    ITEM@0..24
      EXPR@0..24
        EXPR_CALL@0..24
          EXPR@0..5
            EXPR_IDENT@0..5
              IDENT@0..5 "print"
          ARG_LIST@5..24
            PUNCT_PAREN_START@5..6 "("
            EXPR@6..23
              EXPR_LIT@6..23
                LIT@6..23
                  LIT_STR@6..23 "\"x should be 78:\""
            PUNCT_PAREN_END@23..24 ")"
    PUNCT_SEMI@24..25 ";"
  WHITESPACE@25..27 "\n\n"
  STMT@27..38
    ITEM@27..37
      EXPR@27..37
        EXPR_LET@27..37
          KW_LET@27..30 "let"
          WHITESPACE@30..31 " "
          IDENT@31..32 "x"
          WHITESPACE@32..33 " "
          OP_ASSIGN@33..34 "="
          EXPR@34..37
            WHITESPACE@34..35 " "
            EXPR_LIT@35..37
              LIT@35..37
                LIT_INT@35..37 "78"
    PUNCT_SEMI@37..38 ";"
  WHITESPACE@38..40 "\n\n"
  STMT@40..49
    ITEM@40..48
      EXPR@40..48
        EXPR_CALL@40..48
          EXPR@40..45
            EXPR_IDENT@40..45
              IDENT@40..45 "print"
          ARG_LIST@45..48
            PUNCT_PAREN_START@45..46 "("
            EXPR@46..47
              EXPR_IDENT@46..47
                IDENT@46..47 "x"
            PUNCT_PAREN_END@47..48 ")"
    PUNCT_SEMI@48..49 ";"
  WHITESPACE@49..50 "\n"

