---
source: crates/rowan/tests/upstream.rs
expression: "format!(\"{:#?}\", parse.into_syntax())"

---
FILE@0..239
  COMMENT_LINE@0..40 "// This script runs 1 ..."
  WHITESPACE@40..41 "\n"
  COMMENT_LINE@41..86 "// to test the speed  ..."
  WHITESPACE@86..88 "\n\n"
  STMT@88..110
    ITEM@88..109
      EXPR@88..109
        EXPR_LET@88..109
          KW_LET@88..91 "let"
          WHITESPACE@91..92 " "
          IDENT@92..95 "now"
          WHITESPACE@95..96 " "
          OP_ASSIGN@96..97 "="
          EXPR@97..109
            EXPR_CALL@97..109
              EXPR@97..107
                WHITESPACE@97..98 " "
                EXPR_IDENT@98..107
                  IDENT@98..107 "timestamp"
              ARG_LIST@107..109
                PUNCT_PAREN_START@107..108 "("
                PUNCT_PAREN_END@108..109 ")"
    PUNCT_SEMI@109..110 ";"
  WHITESPACE@110..111 "\n"
  STMT@111..129
    ITEM@111..128
      EXPR@111..128
        EXPR_LET@111..128
          KW_LET@111..114 "let"
          WHITESPACE@114..115 " "
          IDENT@115..116 "x"
          WHITESPACE@116..117 " "
          OP_ASSIGN@117..118 "="
          EXPR@118..128
            WHITESPACE@118..119 " "
            EXPR_LIT@119..128
              LIT@119..128
                LIT_INT@119..128 "1_000_000"
    PUNCT_SEMI@128..129 ";"
  WHITESPACE@129..131 "\n\n"
  STMT@131..153
    ITEM@131..152
      EXPR@131..152
        EXPR_CALL@131..152
          EXPR@131..136
            EXPR_IDENT@131..136
              IDENT@131..136 "print"
          ARG_LIST@136..152
            PUNCT_PAREN_START@136..137 "("
            EXPR@137..151
              EXPR_LIT@137..151
                LIT@137..151
                  LIT_STR@137..151 "\"Ready... Go!\""
            PUNCT_PAREN_END@151..152 ")"
    PUNCT_SEMI@152..153 ";"
  WHITESPACE@153..155 "\n\n"
  STMT@155..184
    ITEM@155..182
      EXPR@155..182
        EXPR_WHILE@155..182
          KW_WHILE@155..160 "while"
          EXPR@160..167
            EXPR_BINARY@160..167
              WHITESPACE@160..161 " "
              EXPR_IDENT@161..163
                IDENT@161..162 "x"
                WHITESPACE@162..163 " "
              OP_GT@163..164 ">"
              EXPR@164..167
                WHITESPACE@164..165 " "
                EXPR_LIT@165..166
                  LIT@165..166
                    LIT_INT@165..166 "0"
                WHITESPACE@166..167 " "
          EXPR_BLOCK@167..182
            PUNCT_BRACE_START@167..168 "{"
            WHITESPACE@168..173 "\n    "
            STMT@173..180
              ITEM@173..179
                EXPR@173..179
                  EXPR_BINARY@173..179
                    EXPR_IDENT@173..175
                      IDENT@173..174 "x"
                      WHITESPACE@174..175 " "
                    OP_SUB_ASSIGN@175..177 "-="
                    EXPR@177..179
                      WHITESPACE@177..178 " "
                      EXPR_LIT@178..179
                        LIT@178..179
                          LIT_INT@178..179 "1"
              PUNCT_SEMI@179..180 ";"
            WHITESPACE@180..181 "\n"
            PUNCT_BRACE_END@181..182 "}"
    WHITESPACE@182..184 "\n\n"
  STMT@184..238
    ITEM@184..237
      EXPR@184..237
        EXPR_CALL@184..237
          EXPR@184..189
            EXPR_IDENT@184..189
              IDENT@184..189 "print"
          ARG_LIST@189..237
            PUNCT_PAREN_START@189..190 "("
            EXPR@190..236
              EXPR_LIT@190..236
                LIT@190..236
                  LIT_STR@190..236 "`Finished. Run time = ..."
            PUNCT_PAREN_END@236..237 ")"
    PUNCT_SEMI@237..238 ";"
  WHITESPACE@238..239 "\n"

