---
source: crates/rowan/tests/upstream.rs
expression: "format!(\"{:#?}\", parse.into_syntax())"

---
FILE@0..136
  COMMENT_LINE@0..46 "// This script define ..."
  WHITESPACE@46..48 "\n\n"
  STMT@48..76
    ITEM@48..74
      EXPR@48..74
        EXPR_FN@48..74
          KW_FN@48..50 "fn"
          WHITESPACE@50..51 " "
          IDENT@51..54 "bob"
          PARAM_LIST@54..56
            PUNCT_PAREN_START@54..55 "("
            PUNCT_PAREN_END@55..56 ")"
          EXPR_BLOCK@56..74
            WHITESPACE@56..57 " "
            PUNCT_BRACE_START@57..58 "{"
            WHITESPACE@58..63 "\n    "
            STMT@63..72
              ITEM@63..71
                EXPR@63..71
                  EXPR_RETURN@63..71
                    KW_RETURN@63..69 "return"
                    WHITESPACE@69..70 " "
                    EXPR@70..71
                      EXPR_LIT@70..71
                        LIT@70..71
                          LIT_INT@70..71 "3"
              PUNCT_SEMI@71..72 ";"
            WHITESPACE@72..73 "\n"
            PUNCT_BRACE_END@73..74 "}"
    WHITESPACE@74..76 "\n\n"
  STMT@76..95
    ITEM@76..94
      EXPR@76..94
        EXPR_LET@76..94
          KW_LET@76..79 "let"
          WHITESPACE@79..80 " "
          IDENT@80..86 "result"
          WHITESPACE@86..87 " "
          OP_ASSIGN@87..88 "="
          EXPR@88..94
            EXPR_CALL@88..94
              EXPR@88..92
                WHITESPACE@88..89 " "
                EXPR_IDENT@89..92
                  IDENT@89..92 "bob"
              ARG_LIST@92..94
                PUNCT_PAREN_START@92..93 "("
                PUNCT_PAREN_END@93..94 ")"
    PUNCT_SEMI@94..95 ";"
  WHITESPACE@95..97 "\n\n"
  STMT@97..135
    ITEM@97..134
      EXPR@97..134
        EXPR_CALL@97..134
          EXPR@97..102
            EXPR_IDENT@97..102
              IDENT@97..102 "print"
          ARG_LIST@102..134
            PUNCT_PAREN_START@102..103 "("
            EXPR@103..133
              EXPR_LIT@103..133
                LIT@103..133
                  LIT_STR@103..133 "`bob() should be 3: $ ..."
            PUNCT_PAREN_END@133..134 ")"
    PUNCT_SEMI@134..135 ";"
  WHITESPACE@135..136 "\n"

