---
source: crates/rowan/tests/upstream.rs
expression: "format!(\"{:#?}\", parse.into_syntax())"

---
FILE@0..52
  STMT@0..34
    ITEM@0..33
      EXPR@0..33
        EXPR_CALL@0..33
          EXPR@0..5
            EXPR_IDENT@0..5
              IDENT@0..5 "print"
          ARG_LIST@5..33
            PUNCT_PAREN_START@5..6 "("
            EXPR@6..32
              EXPR_LIT@6..32
                LIT@6..32
                  LIT_STR@6..32 "\"The result should be ..."
            PUNCT_PAREN_END@32..33 ")"
    PUNCT_SEMI@33..34 ";"
  WHITESPACE@34..36 "\n\n"
  STMT@36..51
    ITEM@36..50
      EXPR@36..50
        EXPR_CALL@36..50
          EXPR@36..41
            EXPR_IDENT@36..41
              IDENT@36..41 "print"
          ARG_LIST@41..50
            PUNCT_PAREN_START@41..42 "("
            EXPR@42..49
              EXPR_BINARY@42..49
                EXPR_LIT@42..44
                  LIT@42..44
                    LIT_INT@42..44 "34"
                WHITESPACE@44..45 " "
                OP_ADD@45..46 "+"
                EXPR@46..49
                  WHITESPACE@46..47 " "
                  EXPR_LIT@47..49
                    LIT@47..49
                      LIT_INT@47..49 "12"
            PUNCT_PAREN_END@49..50 ")"
    PUNCT_SEMI@50..51 ";"
  WHITESPACE@51..52 "\n"

