---
source: crates/rowan/tests/upstream.rs
expression: "format!(\"{:#?}\", parse.into_syntax())"

---
RHAI@0..71
  STMT@0..35
    ITEM@0..34
      EXPR@0..34
        EXPR_CALL@0..34
          EXPR@0..5
            EXPR_IDENT@0..5
              IDENT@0..5 "print"
          ARG_LIST@5..34
            PUNCT_PAREN_START@5..6 "("
            EXPR@6..33
              EXPR_LIT@6..33
                LIT@6..33
                  LIT_STR@6..33 "\"The result should be ..."
            PUNCT_PAREN_END@33..34 ")"
    PUNCT_SEMI@34..35 ";"
  WHITESPACE@35..37 "\n\n"
  STMT@37..59
    ITEM@37..58
      EXPR@37..58
        EXPR_LET@37..58
          KW_LET@37..40 "let"
          WHITESPACE@40..41 " "
          IDENT@41..42 "x"
          WHITESPACE@42..43 " "
          OP_ASSIGN@43..44 "="
          EXPR@44..58
            EXPR_BINARY@44..58
              EXPR@44..55
                WHITESPACE@44..45 " "
                EXPR_PAREN@45..54
                  PUNCT_PAREN_START@45..46 "("
                  EXPR@46..53
                    EXPR_BINARY@46..53
                      EXPR@46..49
                        EXPR_LIT@46..48
                          LIT@46..48
                            LIT_INT@46..48 "12"
                        WHITESPACE@48..49 " "
                      OP_ADD@49..50 "+"
                      EXPR@50..53
                        WHITESPACE@50..51 " "
                        EXPR_LIT@51..53
                          LIT@51..53
                            LIT_INT@51..53 "34"
                  PUNCT_PAREN_END@53..54 ")"
                WHITESPACE@54..55 " "
              OP_MUL@55..56 "*"
              EXPR@56..58
                WHITESPACE@56..57 " "
                EXPR_LIT@57..58
                  LIT@57..58
                    LIT_INT@57..58 "5"
    PUNCT_SEMI@58..59 ";"
  WHITESPACE@59..61 "\n\n"
  STMT@61..70
    ITEM@61..69
      EXPR@61..69
        EXPR_CALL@61..69
          EXPR@61..66
            EXPR_IDENT@61..66
              IDENT@61..66 "print"
          ARG_LIST@66..69
            PUNCT_PAREN_START@66..67 "("
            EXPR@67..68
              EXPR_IDENT@67..68
                IDENT@67..68 "x"
            PUNCT_PAREN_END@68..69 ")"
    PUNCT_SEMI@69..70 ";"
  WHITESPACE@70..71 "\n"

