---
source: crates/rowan/tests/smoke.rs
assertion_line: 65
expression: "format!(\"{:#?}\", parse.into_syntax())"
---
RHAI@0..109
  STMT@0..18
    ITEM@0..17
      EXPR@0..17
        EXPR_LET@0..17
          KW_LET@0..3 "let"
          WHITESPACE@3..4 " "
          IDENT@4..5 "x"
          WHITESPACE@5..6 " "
          OP_ASSIGN@6..7 "="
          EXPR@7..17
            WHITESPACE@7..8 " "
            EXPR_ARRAY@8..17
              PUNCT_BRACKET_START@8..9 "["
              EXPR@9..10
                EXPR_LIT@9..10
                  LIT@9..10
                    LIT_INT@9..10 "1"
              PUNCT_COMMA@10..11 ","
              WHITESPACE@11..12 " "
              EXPR@12..13
                EXPR_LIT@12..13
                  LIT@12..13
                    LIT_INT@12..13 "2"
              PUNCT_COMMA@13..14 ","
              WHITESPACE@14..15 " "
              EXPR@15..16
                EXPR_LIT@15..16
                  LIT@15..16
                    LIT_INT@15..16 "3"
              PUNCT_BRACKET_END@16..17 "]"
    PUNCT_SEMI@17..18 ";"
  WHITESPACE@18..20 "\n\n"
  STMT@20..47
    ITEM@20..46
      EXPR@20..46
        EXPR_CALL@20..46
          EXPR@20..25
            EXPR_IDENT@20..25
              IDENT@20..25 "print"
          ARG_LIST@25..46
            PUNCT_PAREN_START@25..26 "("
            EXPR@26..45
              EXPR_LIT@26..45
                LIT@26..45
                  LIT_STR@26..45 "\"x[1] should be 2:\""
            PUNCT_PAREN_END@45..46 ")"
    PUNCT_SEMI@46..47 ";"
  WHITESPACE@47..48 "\n"
  STMT@48..60
    ITEM@48..59
      EXPR@48..59
        EXPR_CALL@48..59
          EXPR@48..53
            EXPR_IDENT@48..53
              IDENT@48..53 "print"
          ARG_LIST@53..59
            PUNCT_PAREN_START@53..54 "("
            EXPR@54..58
              EXPR_INDEX@54..58
                EXPR@54..55
                  EXPR_IDENT@54..55
                    IDENT@54..55 "x"
                PUNCT_BRACKET_START@55..56 "["
                EXPR@56..57
                  EXPR_LIT@56..57
                    LIT@56..57
                      LIT_INT@56..57 "1"
                PUNCT_BRACKET_END@57..58 "]"
            PUNCT_PAREN_END@58..59 ")"
    PUNCT_SEMI@59..60 ";"
  WHITESPACE@60..62 "\n\n"
  STMT@62..71
    ITEM@62..70
      EXPR@62..70
        EXPR_BINARY@62..70
          EXPR@62..67
            EXPR_INDEX@62..66
              EXPR@62..63
                EXPR_IDENT@62..63
                  IDENT@62..63 "x"
              PUNCT_BRACKET_START@63..64 "["
              EXPR@64..65
                EXPR_LIT@64..65
                  LIT@64..65
                    LIT_INT@64..65 "1"
              PUNCT_BRACKET_END@65..66 "]"
            WHITESPACE@66..67 " "
          OP_ASSIGN@67..68 "="
          EXPR@68..70
            WHITESPACE@68..69 " "
            EXPR_LIT@69..70
              LIT@69..70
                LIT_INT@69..70 "5"
    PUNCT_SEMI@70..71 ";"
  WHITESPACE@71..73 "\n\n"
  STMT@73..108
    ITEM@73..107
      EXPR@73..107
        EXPR_CALL@73..107
          EXPR@73..78
            EXPR_IDENT@73..78
              IDENT@73..78 "print"
          ARG_LIST@78..107
            PUNCT_PAREN_START@78..79 "("
            EXPR@79..106
              EXPR_LIT@79..106
                LIT@79..106
                  LIT_STR_TEMPLATE@79..106
                    LIT_STR@79..98 "`x[1] should be 5: "
                    INTERPOLATION_START@98..100 "${"
                    LIT_STR_TEMPLATE_INTERPOLATION@100..104
                      STMT@100..104
                        ITEM@100..104
                          EXPR@100..104
                            EXPR_INDEX@100..104
                              EXPR@100..101
                                EXPR_IDENT@100..101
                                  IDENT@100..101 "x"
                              PUNCT_BRACKET_START@101..102 "["
                              EXPR@102..103
                                EXPR_LIT@102..103
                                  LIT@102..103
                                    LIT_INT@102..103 "1"
                              PUNCT_BRACKET_END@103..104 "]"
                    PUNCT_BRACE_END@104..105 "}"
                    LIT_STR@105..106 "`"
            PUNCT_PAREN_END@106..107 ")"
    PUNCT_SEMI@107..108 ";"
  WHITESPACE@108..109 "\n"

